// Jest Snapshot v1, https://goo.gl/fbAQLP

exports[`Probando funciones del appTheme 1`] = `<appTheme />`;
