// Jest Snapshot v1, https://goo.gl/fbAQLP

exports[`Probando funciones del conectApi 1`] = `<conectApi />`;
