// Jest Snapshot v1, https://goo.gl/fbAQLP

exports[`Probando funciones del generalInterfaces 1`] = `<generalInterfaces />`;
