// Jest Snapshot v1, https://goo.gl/fbAQLP

exports[`Probando funciones del getCityWeather 1`] = `<getCityWeather />`;
