// Jest Snapshot v1, https://goo.gl/fbAQLP

exports[`Probando funciones del iconInterface 1`] = `<iconInterface />`;
