// Jest Snapshot v1, https://goo.gl/fbAQLP

exports[`Probando funciones del RowWeather 1`] = `
<View
  style={
    Object {
      "alignItems": "center",
      "marginBottom": 10,
      "marginRight": 20,
      "marginTop": 10,
      "padding": 10,
    }
  }
>
  <Text
    style={
      Object {
        "color": "white",
        "fontFamily": "sans-serif-medium",
        "fontSize": 20,
        "fontWeight": "bold",
      }
    }
  />
  <Text
    style={
      Object {
        "color": "white",
        "fontSize": 17,
      }
    }
  />
</View>
`;
