// Jest Snapshot v1, https://goo.gl/fbAQLP

exports[`Probando funciones del useForm 1`] = `<useForm />`;
